// Vitest Snapshot v1, https://vitest.dev/guide/snapshot.html

exports[`MyAwesomeApp > Should match snapsnot 1`] = `
<div>
  <div
    data-testid="div-app"
  >
    <h1
      data-testid="first-name-title"
    >
       
      Fernando
       
    </h1>
    <h3>
       
      Herrera
       
    </h3>
    <p
      class="mi-clase-favorita"
    >
      Elden Ring, Smash, Metal Gear
    </p>
    <p>
      4
    </p>
    <h1>
      No activo
    </h1>
    <p
      style="background-color: rgb(250, 250, 250); border-radius: 20px; padding: 10px; margin-top: 30px;"
    >
      {"zipCode":"ABC-123","country":"Canadá"}
    </p>
  </div>
</div>
`;

exports[`MyAwesomeApp > Should match snapsnot 2`] = `
<div
  data-testid="div-app"
>
  <h1
    data-testid="first-name-title"
  >
     
    Fernando
     
  </h1>
  <h3>
     
    Herrera
     
  </h3>
  <p
    class="mi-clase-favorita"
  >
    Elden Ring, Smash, Metal Gear
  </p>
  <p>
    4
  </p>
  <h1>
    No activo
  </h1>
  <p
    style="background-color: rgb(250, 250, 250); border-radius: 20px; padding: 10px; margin-top: 30px;"
  >
    {"zipCode":"ABC-123","country":"Canadá"}
  </p>
</div>
`;
